[mycourses.siu.edu/d2l/login.html]
[backblue.gif]
[fade.gif]
[index.html]
[s.brightspace.com/lib/bsi/20.21.10-215/unbundled/bsi-unbundled.js]
[s.brightspace.com/lib/bsi/20.21.10-215/unbundled/d2l-navigation.js]
[s.brightspace.com/lib/bsi/20.21.10-215/unbundled/d2l-navigation-main-header.js]
[s.brightspace.com/lib/bsi/20.21.10-215/unbundled/d2l-navigation-link-image.js]
[s.brightspace.com/lib/bsi/20.21.10-215/unbundled/icon.js]
[mycourses.siu.edu/d2l/lp/web/faviconfdae.ico]
[s.brightspace.com/lib/bsi/20.21.10-215/bsi.css]
[s.brightspace.com/lib/reset-css/1.1.0/reset.css]
[mycourses.siu.edu/d2l/common/css/D2L.LP.Web.Desktope821.css]
[mycourses.siu.edu/d2l/common/css/D2L.LP.Auth.Web.Desktope821.css]
[mycourses.siu.edu/d2l/img/0/SystemCheck.Main.itemWarninge821.png]
[mycourses.siu.edu/d2l/lp/navbars/6606/theme/viewimage/2232961/SIU_horiz_2line_209-ke821.jpg]
[mycourses.siu.edu/d2l/systemCheck.html]
[mycourses.siu.edu/d2l/img/0/Branding.LoginPage.infPoweredByBrightspacee821.png]
[s.brightspace.com/lib/jquery/2.2.4/jquery.min.js]
[s.brightspace.com/lib/jqueryui/1.12.1/jquery-ui.min.js]
[s.brightspace.com/lib/bsi/20.21.10-215/bsi.js]
[s.brightspace.com/lib/elastic-apm-rum/5.5.0/elastic-apm-rum.umd.min.js]
[s.brightspace.com/lib/tti-polyfill/0.2.2/tti-polyfill-global.js]
[mycourses.siu.edu/d2l/common/js/babel/D2L.LP.Web.Desktope821.js]
[s.brightspace.com/lib/adrum-ext/4.2.10-0/adrum-ext.js]
[s.brightspace.com/lib/adrum/4.2.12-2/adrum.js]
[mycourses.siu.edu/d2l/portal/js/desktope821]
[s.brightspace.com/lib/regenerator-runtime/0.13.5/runtime.js]
[mycourses.siu.edu/d2l/login.html]
[s.brightspace.com/lib/bsi/20.21.10-215/bsi.css]
[s.brightspace.com/lib/reset-css/1.1.0/reset.css]
[mycourses.siu.edu/d2l/img/lp/fileDrop/close.gif]
[mycourses.siu.edu/d2l/img/lp/dialog/error_36.png]
[mycourses.siu.edu/d2l/img/lp/dialog/info_36.png]
[mycourses.siu.edu/d2l/img/lp/dialog/warning_36.gif]
[mycourses.siu.edu/d2l/img/lp/collapsePane/radial.png]
[mycourses.siu.edu/d2l/img/lp/collapsePane/radial_rtl.png]
[mycourses.siu.edu/d2l/img/lp/collapsePane/shadow.png]
[mycourses.siu.edu/d2l/img/lp/collapsePane/shadow_rtl.png]
[mycourses.siu.edu/d2l/img/lp/imageCheckbox/unchecked.gif]
[mycourses.siu.edu/d2l/img/lp/imageCheckbox/checked.gif]
[mycourses.siu.edu/d2l/img/lp/imageCheckbox/checked_disabled.gif]
[mycourses.siu.edu/d2l/img/lp/imageCheckbox/unchecked_disabled.gif]
[mycourses.siu.edu/d2l/img/lp/imageCheckbox/checked_hover.gif]
[mycourses.siu.edu/d2l/img/lp/imageCheckbox/unchecked_hover.gif]
[mycourses.siu.edu/d2l/img/lp/progressBar/a.gif]
[mycourses.siu.edu/d2l/img/lp/dialog/x.png]
[mycourses.siu.edu/d2l/img/LP/grid/unread.png]
[mycourses.siu.edu/d2l/img/lp/mobile/loading.gif]
[mycourses.siu.edu/d2l/img/0/Images.FileTypeIcons.icnVideo50x50.png]
[mycourses.siu.edu/d2l/img/lp/rating/rating.png]
[mycourses.siu.edu/d2l/img/lp/upDownVote/updownvote.png]
[mycourses.siu.edu/d2l/img/lp/upDownVote/updownvoteinput.png]
[mycourses.siu.edu/d2l/img/lp/userProfileCard/corners.png]
[mycourses.siu.edu/d2l/img/lp/share/tweet.png]
[mycourses.siu.edu/d2l/img/lp/share/tweet_hover.png]
[mycourses.siu.edu/d2l/img/lp/video-64.png]
[mycourses.siu.edu/d2l/img/lp/error-64.png]
[mycourses.siu.edu/d2l/img/lp/error-32.png]
[mycourses.siu.edu/d2l/img/lp/xspl/block.png]
[mycourses.siu.edu/d2l/common/css/D2L.LP.Web.Desktope821.css]
[mycourses.siu.edu/d2l/common/css/D2L.LP.Auth.Web.Desktope821.css]
[mycourses.siu.edu/d2l/img/0/SystemCheck.Main.overallWarninge821.png]
[mycourses.siu.edu/d2l/img/0/Shared.Main.actLoadinge821.gif]
[mycourses.siu.edu/d2l/common/js/babel/D2L.PlatformTools.SystemChecke821.js]
[mycourses.siu.edu/d2l/systemCheck.html]
[s.brightspace.com/lib/systemjs/4.1.1/system.min.js]
[s.brightspace.com/lib/whatwg-fetch/3.0.0/fetch.umd.js]
[mycourses.siu.edu/d2l/tools/blank.html]
[mycourses.siu.edu/d2l/error/404/log74d3.html]
[mycourses.siu.edu/d2l/common/js/babel/D2L.LP.Web.Desktope821.js]
[mycourses.siu.edu/d2l/common/js/babel/D2L.PlatformTools.SystemChecke821.js]
[mycourses.siu.edu/d2l/error/404/log5c4d.html]
[mycourses.siu.edu/d2l/node_modules/index.html]
[mycourses.siu.edu/d2l/logging/{logtype}/index.html]
[mycourses.siu.edu/d2l/error/404/log7ece.html]
[mycourses.siu.edu/d2l/web-components/index.html]
[mycourses.siu.edu/d2l/tools/blank.html]
[mycourses.siu.edu/d2l/error/404/log74d3.html]
[mycourses.siu.edu/d2l/logging/{logtype}/index.html]
[mycourses.siu.edu/d2l/error/404/log5c4d.html]
[mycourses.siu.edu/d2l/error/404/log7ece.html]
